abc.es
aede.es
as.com
canarias7.es
cincodias.com
deia.com
diaridegirona.cat
diaridetarragona.com
diarideterrassa.es
diariocordoba.com
diariodeavila.es
diariodeavisos.com
diariodecadiz.es
diariodeibiza.es
diariodejerez.es
diariodelaltoaragon.es
diariodeleon.es
diariodemallorca.es
diariodenavarra.es
diariodenoticias.org
diariodesevilla.es
diarioinformacion.com
diariojaen.es
diariopalentino.es
diariovasco.com
diariovasco.com
eladelantado.com
elalmeria.es
elcomercio.es
elcorreo.com
elcorreoweb.es
eldiadecordoba.es
eldiariomontanes.es
eleconomista.es
elmundo.es
elperiodico.com
elperiodicodearagon.com
elperiodicoextremadura.com
elperiodicomediterraneo.com
elprogreso.es
europasur.es
expansion.com
farodevigo.es
granadahoy.com
heraldo.es
heraldodesoria.es
hoy.es
ideal.es
intereconomia.com/la-gaceta
lagacetadesalamanca.es
laopinion.es
laopinioncoruna.es
laopiniondemalaga.es
laopiniondemurcia.es
laopiniondezamora.es
laprovincia.es
larazon.es
larioja.com
lasprovincias.es
latribunadealbacete.es
latribunadeciudadreal.es
latribunadetalavera.es
latribunadetoledo.es
lavanguardia.com
laverdad.es
laverdad.es
lavozdealmeria.es
lavozdegalicia.es
lavozdigital.es
levante-emv.com
lne.es
majorcadailybulletin.es
malagahoy.es
marca.com
mundodeportivo.com
noticiasdealava.com
noticiasdegipuzkoa.com
regio7.cat
sport.es
superdeporte.es
ultimahora.es
